---
source: tests/snapshot.rs
assertion_line: 123
expression: run_result.output

---
(HOST) INFO  flashing program (2 pages / 8.00 KiB)
(HOST) INFO  success!
────────────────────────────────────────────────────────────────────────────────
────────────────────────────────────────────────────────────────────────────────
stack backtrace:
   0: silent_loop::__cortex_m_rt_main
        at /tmp/app/src/bin/silent-loop.rs:9:5
   1: main
        at /tmp/app/src/bin/silent-loop.rs:6:1
   2: Reset
(HOST) INFO  device halted by user

